<!DOCTYPE html>
<html>
  <body>
    <div data-url='aasd'>
      <p class="paragraph" style='background: #fff'>Hei</p>
      <p class="paragraph" style='background: #fff'>Hei</p>
      <p class="paragraph" style="background: #fff; color: #000">Hei</p>
      <p class="paragraph">Hei</p>
      <p this='att list' is='multiline'></p>
      <p <?php atts(array('id' => array('this', $item_here), 'has' => $complex ? 'php' : "nothing", 'and' => 'and', 'is_also' => $multiline)); ?>></p>
    </div>
  </body>
</html>
