<!DOCTYPE html>
<html>
    <body>
        <?php if ($image != null): ?>
            <img <?php atts(array('src' => $image)); ?> />
        <?php else: ?>
            Image not found
        <?php endif; ?>
        <?php echo 'Some other message' ?>
    </body>
</html>
